
    __
   / /_   ____ _ _____ __  __ _____ ____ _
  / __ \ / __ `// ___// / / // ___// __ `/
 / / / // /_/ /(__  )/ /_/ // /   / /_/ /
/_/ /_/ \__,_//____/ \__,_//_/    \__,_/


GraphQL commands:
  init       Initialize directory for Hasura GraphQL Engine migrations
  migrate    Manage migrations on the database
  metadata   Manage Hasura GraphQL Engine metadata saved in the database
  console    Open console to manage database and try out APIs
  actions    Manage actions on hasura

Other commands:
  completion   Generate auto completion code
  version      Print the CLI version
  plugins      Manage plugins for the cli
  scripts      Execute helper scripts to manage Hasura Projects
  update-cli   Update the CLI to latest or a specific version

Use "hasura [command] --help" for more information about a command.
